---
source: src/ast/parser.rs
expression: blocks
---
- Heading:
    span:
      start: 0
      end: 25
    level: 2
    inlines:
      - Link:
          span:
            start: 0
            end: 12
          content:
            span:
              start: 1
              end: 11
          target: "https://example.org/"
