---
source: src/ast/parser.rs
expression: blocks
---
- Paragraph:
    span:
      start: 0
      end: 124
- Paragraph:
    span:
      start: 125
      end: 232
