---
source: src/ast/parser.rs
expression: blocks
---
- Heading:
    span:
      start: 0
      end: 18
    level: 1
    inlines:
      - Literal:
          span:
            start: 0
            end: 9
