---
source: src/linter.rs
expression: InvalidChangeType.check(&changelog)
---
[]
