---
source: src/linter.rs
expression: InvalidYanked.check(&changelog)
---
[]
