---
source: src/linter.rs
expression: DuplicateTitle.check(&changelog)
---
- rule: DuplicateTitle
  span:
    start: 2
    end: 11
  path: ~
