---
source: src/linter.rs
expression: DuplicateTitle.check(&changelog)
---
[]
