---
source: src/linter.rs
expression: "lint(&changelog, &profile)"
---
[]
