---
source: src/linter.rs
expression: DuplicateChangeType.check(&changelog)
---
[]
