---
source: src/linter.rs
expression: EmptySection.check(&changelog)
---
[]
