---
source: src/linter.rs
expression: "lint(&changelog, &profile)"
---
- rule: UnreleasedNotFirst
  span:
    start: 1
    end: 18446744073709551615
  path: ~
