---
source: src/linter.rs
expression: DuplicateUnreleased.check(&changelog)
---
[]
