---
source: src/linter.rs
expression: MissingUnreleased.check(&changelog)
---
[]
