---
source: src/linter.rs
expression: MissingTitle.check(&changelog)
---
- rule: MissingTitle
  span: ~
  path: ~
