---
source: src/linter.rs
expression: InvalidDate.check(&changelog)
---
[]
