---
source: src/linter/checks/changes.rs
expression: "linter.lint(&changelog)"
---
- rule: DuplicateChangeType
  span:
    start: 1
    end: 18446744073709551615
  path: ~
- rule: DuplicateChangeType
  span:
    start: 2
    end: 18446744073709551615
  path: ~
