---
source: src/linter/checks/structure.rs
expression: linter.lint(&changelog)
---
- rule: MissingTitle
  location: ~
  path: ~
