---
source: src/linter/checks/releases.rs
expression: "linter.lint(&changelog)"
---
[]
