---
source: src/linter/checks/unreleased.rs
expression: "linter.lint(&changelog)"
---
[]
