---
source: src/linter/checks/structure.rs
expression: "lint(&changelog, &profile)"
---
[]
