---
source: src/linter/checks/changes.rs
expression: linter.lint(&changelog)
---
- rule: InvalidChangeType
  location:
    Span:
      start: 1
      end: 18446744073709551615
  path: ~
- rule: InvalidChangeType
  location:
    Span:
      start: 2
      end: 18446744073709551615
  path: ~
