---
source: src/linter/checks/releases.rs
expression: linter.lint(&changelog)
---
- rule: InvalidDate
  location:
    start: 1
    end: 10
  path: ~
- rule: InvalidDate
  location:
    start: 2
    end: 5
  path: ~
