---
source: src/linter/checks/unreleased.rs
expression: "lint(&changelog, &ruleset)"
---
- rule: DuplicateUnreleased
  span:
    start: 0
    end: 17
  path: ~
