---
source: src/linter/checks/structure.rs
expression: linter.lint(&changelog)
---
- rule: InvalidTitle
  location:
    Span:
      start: 1
      end: 18446744073709551615
  path: ~
