---
source: src/linter/checks/structure.rs
expression: "lint(&changelog, &profile)"
---
- rule: UnreleasedOutOfOrder
  span:
    start: 1
    end: 18446744073709551615
  path: ~
