---
source: src/linter/checks/links.rs
expression: "lint(&changelog, &ruleset, None)"
---
[]
