---
source: src/linter/checks/changes.rs
expression: "lint(&changelog, &ruleset, None)"
---
[]
