---
source: src/linter/checks/links.rs
expression: linter.lint(&changelog)
---
[]
