---
source: src/linter/checks/releases.rs
expression: "lint(&changelog, &profile)"
---
- rule: DuplicateVersion
  span:
    start: 1
    end: 18446744073709551615
  path: ~
