---
source: src/linter/checks/links.rs
expression: linter.lint(&changelog)
---
- rule: LinkReferenceDoesNotExist
  location:
    Span:
      start: 1
      end: 18446744073709551615
  path: ~
