---
source: src/linter/checks/unreleased.rs
expression: "lint(&changelog, &ruleset, None)"
---
- rule: MissingUnreleased
  span: ~
  path: ~
