---
source: src/linter/checks/content.rs
expression: linter.lint(&changelog)
---
- rule: DuplicateChangeType
  location:
    start: 1
    end: 18446744073709551615
  path: ~
- rule: DuplicateChangeType
  location:
    start: 2
    end: 18446744073709551615
  path: ~
